---
source: crates/sourcepawn_lsp/tests/text_document/completion.rs
assertion_line: 100
expression: "complete(r#\"\n%! bar.sp\nint bar;\n%! include/baz.inc\n#include \"\"\n          |\n          ^\n%! foo.sp\nint foo;\"#,\n    Some('\"'.to_string()))"
---
[
  {
    "label": "baz",
    "kind": 17,
    "detail": "include/baz.inc",
    "insertText": "baz"
  }
]
