---
source: crates/sourcepawn_lsp/tests/text_document/completion.rs
assertion_line: 49
expression: "complete(r#\"\n%! bar.sp\nint bar;\n%! include/baz.inc\nint baz;\n%! foo.sp\n#include \"\"\n          |\n          ^\"#)"
---
[
  {
    "label": "bar.sp",
    "kind": 17,
    "detail": "/bar.sp",
    "insertText": "bar.sp"
  },
  {
    "label": "foo.sp",
    "kind": 17,
    "detail": "/foo.sp",
    "insertText": "foo.sp"
  },
  {
    "label": "include",
    "kind": 19,
    "detail": "/include"
  }
]
