---
source: crates/sourcepawn_lsp/tests/text_document/goto_definition/methodmaps.rs
assertion_line: 483
expression: "goto_definition(r#\"\n%! main.sp\nmethodmap Foo {\n    public Foo() {}\n}\n\nvoid main() {\n    new Foo();\n         |\n         ^\n}\n\"#)"
---
[
  {
    "originSelectionRange": {
      "start": {
        "line": 5,
        "character": 8
      },
      "end": {
        "line": 5,
        "character": 11
      }
    },
    "targetUri": "file:///main.sp",
    "targetRange": {
      "start": {
        "line": 1,
        "character": 4
      },
      "end": {
        "line": 1,
        "character": 19
      }
    },
    "targetSelectionRange": {
      "start": {
        "line": 1,
        "character": 11
      },
      "end": {
        "line": 1,
        "character": 14
      }
    }
  }
]
