---
source: crates/sourcepawn_lsp/tests/text_document/goto_definition/mod.rs
assertion_line: 69
expression: "goto_definition(r#\"\n%! main.sp\n#define FOO 1\nint foo = FOO;\n     |\n     ^\n\"#)"
---
[
  {
    "originSelectionRange": {
      "start": {
        "line": 1,
        "character": 4
      },
      "end": {
        "line": 1,
        "character": 7
      }
    },
    "targetUri": "file:///main.sp",
    "targetRange": {
      "start": {
        "line": 1,
        "character": 4
      },
      "end": {
        "line": 1,
        "character": 13
      }
    },
    "targetSelectionRange": {
      "start": {
        "line": 1,
        "character": 4
      },
      "end": {
        "line": 1,
        "character": 7
      }
    }
  }
]
