---
source: crates/sourcepawn_lsp/tests/text_document/goto_definition/typedefs.rs
assertion_line: 85
expression: "goto_definition(r#\"\n%! main.sp\nenum Bar {}\ntypeset Foo {\n    function (Bar foo);\n               |\n               ^\n}\n\"#)"
---
[
  {
    "originSelectionRange": {
      "start": {
        "line": 2,
        "character": 14
      },
      "end": {
        "line": 2,
        "character": 17
      }
    },
    "targetUri": "file:///main.sp",
    "targetRange": {
      "start": {
        "line": 0,
        "character": 0
      },
      "end": {
        "line": 0,
        "character": 11
      }
    },
    "targetSelectionRange": {
      "start": {
        "line": 0,
        "character": 5
      },
      "end": {
        "line": 0,
        "character": 8
      }
    }
  }
]
