---
source: crates/sourcepawn_lsp/tests/text_document/hover/enums.rs
assertion_line: 37
expression: "hover(r#\"\n%! main.sp\nenum Foo {\n    Foo1, /** The Foo1 variant. */\n      |\n      ^\n}\n\"#)"
---
{
  "contents": {
    "kind": "markdown",
    "value": "```sourcepawn\nFoo::Foo1\n```\n\n---\n\nThe Foo1 variant."
  },
  "range": {
    "start": {
      "line": 1,
      "character": 4
    },
    "end": {
      "line": 1,
      "character": 8
    }
  },
  "actions": [
    {
      "title": "Go to ",
      "commands": [
        {
          "title": "Foo",
          "command": "sourcepawn-vscode.gotoLocation",
          "arguments": [
            {
              "uri": "file:///main.sp",
              "range": {
                "start": {
                  "line": 0,
                  "character": 5
                },
                "end": {
                  "line": 0,
                  "character": 8
                }
              }
            }
          ],
          "tooltip": ""
        }
      ]
    }
  ]
}
