---
source: crates/preprocessor/tests/main.rs
assertion_line: 388
expression: "PreprocessingResult_ :: from(res)"
---
{
  "vec": [
    [
      0,
      7,
      0,
      7
    ],
    [
      8,
      11,
      8,
      11
    ],
    [
      12,
      13,
      12,
      13
    ],
    [
      68,
      71,
      19,
      22
    ],
    [
      72,
      75,
      23,
      26
    ],
    [
      75,
      76,
      26,
      27
    ]
  ],
  "expanded_symbols": [
    [
      18,
      21,
      18,
      21,
      0,
      0
    ],
    [
      44,
      47,
      44,
      47,
      0,
      0
    ]
  ]
}
