---
source: crates/preprocessor/tests/main.rs
expression: "PreprocessingResult_ :: from(res)"
---
{
  "vec": [
    [
      0,
      7,
      0,
      7
    ],
    [
      8,
      11,
      8,
      11
    ],
    [
      12,
      13,
      12,
      13
    ],
    [
      30,
      33,
      15,
      18
    ],
    [
      34,
      37,
      19,
      22
    ],
    [
      37,
      38,
      22,
      23
    ],
    [
      71,
      71,
      26,
      26
    ]
  ],
  "expanded_symbols": [
    {
      "range": {
        "start": 26,
        "end": 29
      },
      "expanded_range": {
        "start": 26,
        "end": 29
      },
      "idx": 0,
      "file_id": 0
    }
  ]
}
