---
source: crates/preprocessor/tests/main.rs
expression: "PreprocessingResult_ :: from(res)"
---
{
  "vec": [
    [
      0,
      3,
      0,
      3
    ],
    [
      4,
      7,
      4,
      7
    ],
    [
      7,
      8,
      7,
      8
    ],
    [
      8,
      9,
      8,
      9
    ],
    [
      73,
      74,
      15,
      16
    ],
    [
      74,
      77,
      16,
      19
    ],
    [
      78,
      81,
      20,
      23
    ],
    [
      81,
      82,
      23,
      24
    ],
    [
      82,
      83,
      24,
      25
    ]
  ],
  "expanded_symbols": []
}
