---
source: crates/preprocessor/tests/main.rs
expression: res.preprocessed_text()
---
#define GET_VALUE(%1,%2) \
    public %1 Get%2(){ \
        %1 i; \
        this.GetValue("m_" ... #%2, i); \
        return i;}
        
    public void GetFoo(){        void i;        this.GetValue("m_" ... "Foo", i);        return i;}
