---
source: crates/preprocessor/tests/main.rs
assertion_line: 492
expression: "PreprocessingResult_ :: from(res)"
---
{
  "vec": [
    [
      0,
      7,
      0,
      7
    ],
    [
      8,
      11,
      8,
      11
    ],
    [
      12,
      30,
      12,
      30
    ],
    [
      31,
      35,
      31,
      35
    ],
    [
      36,
      39,
      36,
      39
    ],
    [
      39,
      40,
      39,
      40
    ],
    [
      40,
      42,
      40,
      42
    ],
    [
      42,
      43,
      42,
      43
    ],
    [
      44,
      45,
      44,
      45
    ],
    [
      49,
      50,
      62,
      63
    ]
  ],
  "expanded_symbols": []
}
