---
source: crates/preprocessor/tests/main.rs
expression: "PreprocessingResult_ :: from(res)"
---
{
  "vec": [
    [
      0,
      7,
      0,
      7
    ],
    [
      8,
      11,
      8,
      11
    ],
    [
      12,
      39,
      12,
      39
    ],
    [
      40,
      44,
      40,
      44
    ],
    [
      45,
      48,
      45,
      48
    ],
    [
      48,
      49,
      48,
      49
    ],
    [
      49,
      51,
      49,
      51
    ],
    [
      51,
      52,
      51,
      52
    ],
    [
      53,
      54,
      53,
      54
    ],
    [
      58,
      59,
      76,
      77
    ],
    [
      59,
      60,
      77,
      78
    ]
  ],
  "expanded_symbols": [
    {
      "range": {
        "start": 55,
        "end": 58
      },
      "expanded_range": {
        "start": 54,
        "end": 76
      },
      "idx": 0,
      "file_id": 0
    }
  ]
}
