---
source: crates/preprocessor/tests/main.rs
assertion_line: 165
expression: "PreprocessingResult_ :: from(res)"
---
{
  "vec": [
    [
      0,
      7,
      0,
      7
    ],
    [
      8,
      11,
      8,
      11
    ],
    [
      28,
      31,
      13,
      16
    ],
    [
      32,
      35,
      17,
      20
    ],
    [
      35,
      36,
      20,
      21
    ]
  ],
  "expanded_symbols": [
    [
      24,
      27,
      24,
      27,
      0,
      0
    ]
  ]
}
