---
source: crates/preprocessor/tests/main.rs
expression: "PreprocessingResult_ :: from(res)"
---
{
  "vec": [
    [
      0,
      1,
      0,
      1
    ],
    [
      9,
      12,
      9,
      12
    ],
    [
      13,
      16,
      13,
      16
    ],
    [
      16,
      17,
      16,
      17
    ],
    [
      17,
      18,
      17,
      18
    ],
    [
      26,
      29,
      26,
      29
    ],
    [
      30,
      33,
      30,
      33
    ],
    [
      33,
      34,
      33,
      34
    ],
    [
      34,
      35,
      34,
      35
    ]
  ],
  "expanded_symbols": []
}
