---
source: crates/preprocessor/tests/main.rs
expression: "PreprocessingResult_ :: from(res)"
---
{
  "vec": [
    [
      0,
      7,
      0,
      7
    ],
    [
      8,
      11,
      8,
      11
    ],
    [
      32,
      35,
      17,
      20
    ],
    [
      36,
      39,
      21,
      24
    ],
    [
      39,
      40,
      24,
      25
    ],
    [
      40,
      41,
      25,
      26
    ],
    [
      83,
      84,
      28,
      29
    ],
    [
      88,
      91,
      33,
      36
    ],
    [
      92,
      95,
      37,
      40
    ],
    [
      95,
      96,
      40,
      41
    ],
    [
      96,
      97,
      41,
      42
    ],
    [
      107,
      108,
      42,
      43
    ]
  ],
  "expanded_symbols": [
    {
      "range": {
        "start": 24,
        "end": 27
      },
      "expanded_range": {
        "start": 24,
        "end": 27
      },
      "idx": 0,
      "file_id": 0
    }
  ]
}
