---
source: crates/preprocessor/tests/main.rs
expression: "PreprocessingResult_ :: from(res)"
---
{
  "vec": [
    [
      0,
      7,
      0,
      7
    ],
    [
      8,
      11,
      8,
      11
    ],
    [
      12,
      13,
      12,
      13
    ],
    [
      14,
      27,
      14,
      27
    ],
    [
      28,
      31,
      28,
      31
    ],
    [
      32,
      35,
      32,
      35
    ],
    [
      36,
      37,
      36,
      37
    ],
    [
      38,
      39,
      38,
      39
    ],
    [
      39,
      40,
      39,
      40
    ],
    [
      40,
      41,
      40,
      41
    ]
  ],
  "expanded_symbols": []
}
