---
source: crates/sourcepawn-studio/tests/text_document/goto_definition/macros.rs
assertion_line: 17
expression: "goto_definition(r#\"\n%! main.sp\n#define FOO 1\n         |\n         ^\"#)"
---
[
  {
    "originSelectionRange": {
      "start": {
        "line": 0,
        "character": 8
      },
      "end": {
        "line": 0,
        "character": 11
      }
    },
    "targetUri": "file:///main.sp",
    "targetRange": {
      "start": {
        "line": 0,
        "character": 0
      },
      "end": {
        "line": 0,
        "character": 13
      }
    },
    "targetSelectionRange": {
      "start": {
        "line": 0,
        "character": 8
      },
      "end": {
        "line": 0,
        "character": 11
      }
    }
  }
]
