---
source: crates/sourcepawn-studio/tests/text_document/goto_definition/methodmaps.rs
assertion_line: 151
expression: "goto_definition(r#\"\n%! main.sp\n#include \"bar.sp\"\nmethodmap Foo < Bar {\n    public void foo() {}\n                 |\n                 ^\n}\n\n%! bar.sp\nmethodmap Bar {\n    public void Bar1() {}\n    public void Bar2() {}\n    public void Bar3() {}\n}\n\"#,)"
---
[
  {
    "originSelectionRange": {
      "start": {
        "line": 2,
        "character": 16
      },
      "end": {
        "line": 2,
        "character": 19
      }
    },
    "targetUri": "file:///main.sp",
    "targetRange": {
      "start": {
        "line": 2,
        "character": 4
      },
      "end": {
        "line": 2,
        "character": 24
      }
    },
    "targetSelectionRange": {
      "start": {
        "line": 2,
        "character": 16
      },
      "end": {
        "line": 2,
        "character": 19
      }
    }
  }
]
