---
source: crates/sourcepawn-studio/tests/text_document/goto_definition/mod.rs
assertion_line: 345
expression: "goto_definition(r#\"\n%! main.sp\nenum struct Foo {\n    void foo() {\n        int bar;\n             |\n             ^\n    };\n}\n\"#)"
---
[
  {
    "originSelectionRange": {
      "start": {
        "line": 2,
        "character": 12
      },
      "end": {
        "line": 2,
        "character": 15
      }
    },
    "targetUri": "file:///main.sp",
    "targetRange": {
      "start": {
        "line": 2,
        "character": 12
      },
      "end": {
        "line": 2,
        "character": 15
      }
    },
    "targetSelectionRange": {
      "start": {
        "line": 2,
        "character": 12
      },
      "end": {
        "line": 2,
        "character": 15
      }
    }
  }
]
