---
source: crates/sourcepawn-studio/tests/text_document/goto_definition/macros.rs
assertion_line: 166
expression: "goto_definition(r#\"\n%! main.sp\nenum Foo {\n    Foo1,\n}\n#define BAR(%0,%1) view_as<%0>( %1 )\n#define FOO(%0)    BAR( Foo, %0 )\n#define BAZ(%0)    sizeof   %0\n\nvoid bar(int foo, Foo foo2, int foo3, bool foo4  = true) {}\n\nvoid baz() {\n    int foo5 = 0;\n    char foo6[10];\n    bar( foo5, FOO( foo5 ), FOO( foo6 ), .foo4 = foo5 );\n                      |\n                      ^\n}\n\"#)"
---
[
  {
    "originSelectionRange": {
      "start": {
        "line": 12,
        "character": 20
      },
      "end": {
        "line": 12,
        "character": 24
      }
    },
    "targetUri": "file:///main.sp",
    "targetRange": {
      "start": {
        "line": 10,
        "character": 8
      },
      "end": {
        "line": 10,
        "character": 16
      }
    },
    "targetSelectionRange": {
      "start": {
        "line": 10,
        "character": 8
      },
      "end": {
        "line": 10,
        "character": 12
      }
    }
  }
]
